******************************************************************************
                  TI ARM Linker PC v18.12.3                    
******************************************************************************
>> Linked Fri May 29 15:28:51 2020

OUTPUT FILE NAME:   <spi_adc_with_valve.out>
ENTRY POINT SYMBOL: "_c_int00_noargs"  address: 00001ab9


MEMORY CONFIGURATION

         name            origin    length      used     unused   attr    fill
----------------------  --------  ---------  --------  --------  ----  --------
  FLASH                 00000000   00100000  0000202e  000fdfd2  R  X
  SRAM                  20000000   00040000  00000231  0003fdcf  RW X


SEGMENT ALLOCATION MAP

run origin  load origin   length   init length attrs members
----------  ----------- ---------- ----------- ----- -------
00000000    00000000    00002030   00002030    r-x
  00000000    00000000    00000208   00000208    r-- .intvecs
  00000208    00000208    00001a6e   00001a6e    r-x .text
  00001c78    00001c78    00000388   00000388    r-- .const
  00002000    00002000    00000030   00000030    r-- .cinit
20000000    20000000    00000231   00000000    rw-
  20000000    20000000    00000200   00000000    rw- .stack
  20000200    20000200    00000024   00000000    rw- .bss
  20000224    20000224    0000000d   00000000    rw- .data


SECTION ALLOCATION MAP

 output                                  attributes/
section   page    origin      length       input sections
--------  ----  ----------  ----------   ----------------
.intvecs   0    00000000    00000208     
                  00000000    00000208     tm4c1294ncpdt_startup_ccs.obj (.intvecs)

.text      0    00000208    00001a6e     
                  00000208    00000a38     main.obj (.text)
                  00000c40    0000049c     uartstdio.obj (.text)
                  000010dc    00000200     driverlib.lib : sysctl.obj (.text:SysCtlClockFreqSet)
                  000012dc    00000136     rtsv7M4_T_le_v4SPD16_eabi.lib : fd_div_t2.asm.obj (.text)
                  00001412    00000132     driverlib.lib : gpio.obj (.text:GPIOPadConfigSet)
                  00001544    000000fc     rtsv7M4_T_le_v4SPD16_eabi.lib : fd_mul_t2.asm.obj (.text)
                  00001640    0000009c                                   : memcpy_t2.asm.obj (.text)
                  000016dc    0000006e                                   : fd_tos_t2.asm.obj (.text)
                  0000174a    00000002                                   : div0.asm.obj (.text)
                  0000174c    00000068     driverlib.lib : interrupt.obj (.text:IntEnable)
                  000017b4    00000068     rtsv7M4_T_le_v4SPD16_eabi.lib : copy_decompress_lzss.c.obj (.text:decompress:lzss:__TI_decompress_lzss)
                  0000181c    00000060     driverlib.lib : timer.obj (.text:TimerConfigure)
                  0000187c    00000048                   : gpio.obj (.text:GPIOPinConfigure)
                  000018c4    00000048                   : sysctl.obj (.text:_SysCtlFrequencyGet)
                  0000190c    00000046                   : uart.obj (.text:UARTConfigSetExpClk)
                  00001952    00000002     --HOLE-- [fill = 0]
                  00001954    00000044     rtsv7M4_T_le_v4SPD16_eabi.lib : autoinit.c.obj (.text:__TI_auto_init_nobinit_nopinit:__TI_auto_init_nobinit_nopinit)
                  00001998    00000040                                   : u_divt2.asm.obj (.text)
                  000019d8    0000003c     driverlib.lib : ssi.obj (.text:SSIConfigSetExpClk)
                  00001a14    00000038                   : sysctl.obj (.text:SysCtlPeripheralPresent)
                  00001a4c    00000038     rtsv7M4_T_le_v4SPD16_eabi.lib : fs_tod_t2.asm.obj (.text)
                  00001a84    00000034     driverlib.lib : sysctl.obj (.text:SysCtlPeripheralEnable)
                  00001ab8    00000034     rtsv7M4_T_le_v4SPD16_eabi.lib : boot_cortex_m.c.obj (.text:_c_int00_noargs:_c_int00_noargs)
                  00001aec    0000002a     driverlib.lib : gpio.obj (.text:GPIODirModeSet)
                  00001b16    00000002     --HOLE-- [fill = 0]
                  00001b18    00000020                   : uart.obj (.text:UARTDisable)
                  00001b38    00000020                   : sysctl.obj (.text:_SysCtlMemTimingGet)
                  00001b58    0000001c     rtsv7M4_T_le_v4SPD16_eabi.lib : copy_zero_init.c.obj (.text:decompress:ZI:__TI_zero_init_nomemset:__TI_zero_init_nomemset)
                  00001b74    00000018     driverlib.lib : gpio.obj (.text:GPIOPinTypeGPIOOutput)
                  00001b8c    00000014                   : uart.obj (.text:UARTEnable)
                  00001ba0    00000012                   : gpio.obj (.text:GPIOPinTypeSSI)
                  00001bb2    00000012                   : gpio.obj (.text:GPIOPinTypeUART)
                  00001bc4    00000012                   : timer.obj (.text:TimerLoadSet)
                  00001bd6    00000010                   : interrupt.obj (.text:IntMasterEnable)
                  00001be6    0000000e                   : timer.obj (.text:TimerEnable)
                  00001bf4    0000000e     rtsv7M4_T_le_v4SPD16_eabi.lib : copy_decompress_none.c.obj (.text:decompress:none:__TI_decompress_none)
                  00001c02    0000000c     driverlib.lib : cpu.obj (.text:CPUcpsie)
                  00001c0e    0000000c                   : ssi.obj (.text:SSIDataGet)
                  00001c1a    0000000c     tm4c1294ncpdt_startup_ccs.obj (.text)
                  00001c26    0000000a     driverlib.lib : ssi.obj (.text:SSIDataPut)
                  00001c30    0000000a                   : ssi.obj (.text:SSIEnable)
                  00001c3a    0000000a                   : uart.obj (.text:UARTCharGet)
                  00001c44    0000000a                   : uart.obj (.text:UARTCharPut)
                  00001c4e    00000008                   : ssi.obj (.text:SSIBusy)
                  00001c56    00000008                   : timer.obj (.text:TimerIntEnable)
                  00001c5e    00000006                   : gpio.obj (.text:GPIOPinWrite)
                  00001c64    00000006                   : sysctl.obj (.text:SysCtlDelay)
                  00001c6a    00000004                   : timer.obj (.text:TimerIntClear)
                  00001c6e    00000004     rtsv7M4_T_le_v4SPD16_eabi.lib : pre_init.c.obj (.text:_system_pre_init)
                  00001c72    00000004                                   : exit.c.obj (.text:abort:abort)

.const     0    00001c78    00000388     
                  00001c78    000001b0     driverlib.lib : sysctl.obj (.const:g_pppui32XTALtoVCO)
                  00001e28    00000090                   : gpio.obj (.const:g_pui32GPIOBaseAddrs)
                  00001eb8    00000070                   : interrupt.obj (.const)
                  00001f28    0000006c                   : sysctl.obj (.const:g_pui32Xtals)
                  00001f94    00000030                   : sysctl.obj (.const:g_sXTALtoMEMTIM)
                  00001fc4    00000012     uartstdio.obj (.const:.string)
                  00001fd6    00000002     --HOLE-- [fill = 0]
                  00001fd8    0000000c     uartstdio.obj (.const:g_ui32UARTBase)
                  00001fe4    0000000c     uartstdio.obj (.const:g_ui32UARTPeriph)
                  00001ff0    00000008     driverlib.lib : sysctl.obj (.const)
                  00001ff8    00000004     main.obj (.const:.string:$P$T0$1)
                  00001ffc    00000004     uartstdio.obj (.const)

.cinit     0    00002000    00000030     
                  00002000    0000000c     (__TI_handler_table)
                  0000200c    0000000b     (.cinit..data.load) [load image, compression = lzss]
                  00002017    00000001     --HOLE-- [fill = 0]
                  00002018    00000008     (.cinit..bss.load) [load image, compression = zero_init]
                  00002020    00000010     (__TI_cinit_table)

.init_array 
*          0    00000000    00000000     UNINITIALIZED

.bss       0    20000200    00000024     UNINITIALIZED
                  20000200    00000004     (.common:pui32_ad7793_id)
                  20000204    00000004     (.common:pui32_ad7793_status)
                  20000208    00000004     (.common:pui32_conf_reg_lsb)
                  2000020c    00000004     (.common:pui32_conf_reg_msb)
                  20000210    00000004     (.common:pui32_data_reg)
                  20000214    00000004     (.common:pui32_io_reg)
                  20000218    00000004     (.common:pui32_mode_reg_lsb)
                  2000021c    00000004     (.common:pui32_mode_reg_msb)
                  20000220    00000004     (.common:ui32SysClock)

.data      0    20000224    0000000d     UNINITIALIZED
                  20000224    00000008     main.obj (.data)
                  2000022c    00000005     uartstdio.obj (.data)

.stack     0    20000000    00000200     UNINITIALIZED
                  20000000    00000004     rtsv7M4_T_le_v4SPD16_eabi.lib : boot_cortex_m.c.obj (.stack)
                  20000004    000001fc     --HOLE--

MODULE SUMMARY

       Module                          code   ro data   rw data
       ------                          ----   -------   -------
    .\
       main.obj                        2616   4         44     
       uartstdio.obj                   1180   46        5      
       tm4c1294ncpdt_startup_ccs.obj   12     520       0      
    +--+-------------------------------+------+---------+---------+
       Total:                          3808   570       49     
                                                               
    C:/ti/TivaWare_C_Series-2.1.4.178/driverlib/ccs/Debug/driverlib.lib
       sysctl.obj                      730    596       0      
       gpio.obj                        486    144       0      
       interrupt.obj                   120    112       0      
       uart.obj                        142    0         0      
       timer.obj                       140    0         0      
       ssi.obj                         100    0         0      
       cpu.obj                         12     0         0      
    +--+-------------------------------+------+---------+---------+
       Total:                          1730   852       0      
                                                               
    C:\ti\ccs920\ccs\tools\compiler\ti-cgt-arm_18.12.3.LTS\lib\rtsv7M4_T_le_v4SPD16_eabi.lib
       fd_div_t2.asm.obj               310    0         0      
       fd_mul_t2.asm.obj               252    0         0      
       memcpy_t2.asm.obj               156    0         0      
       fd_tos_t2.asm.obj               110    0         0      
       copy_decompress_lzss.c.obj      104    0         0      
       autoinit.c.obj                  68     0         0      
       u_divt2.asm.obj                 64     0         0      
       fs_tod_t2.asm.obj               56     0         0      
       boot_cortex_m.c.obj             52     0         0      
       copy_zero_init.c.obj            28     0         0      
       copy_decompress_none.c.obj      14     0         0      
       exit.c.obj                      4      0         0      
       pre_init.c.obj                  4      0         0      
       div0.asm.obj                    2      0         0      
    +--+-------------------------------+------+---------+---------+
       Total:                          1224   0         0      
                                                               
       Stack:                          0      0         512    
       Linker Generated:               0      47        0      
    +--+-------------------------------+------+---------+---------+
       Grand Total:                    6762   1469      561    


LINKER GENERATED COPY TABLES

__TI_cinit_table @ 00002020 records: 2, size/record: 8, table size: 16
	.data: load addr=0000200c, load size=0000000b bytes, run addr=20000224, run size=0000000d bytes, compression=lzss
	.bss: load addr=00002018, load size=00000008 bytes, run addr=20000200, run size=00000024 bytes, compression=zero_init


LINKER GENERATED HANDLER TABLE

__TI_handler_table @ 00002000 records: 3, size/record: 4, table size: 12
	index: 0, handler: __TI_decompress_lzss
	index: 1, handler: __TI_decompress_none
	index: 2, handler: __TI_zero_init


GLOBAL SYMBOLS: SORTED ALPHABETICALLY BY Name 

address   name                          
-------   ----                          
00001c73  C$$EXIT                       
00001c03  CPUcpsie                      
000002e1  DelayMS                       
00000351  DelayS                        
00000271  DelayUS                       
00001aed  GPIODirModeSet                
00001413  GPIOPadConfigSet              
0000187d  GPIOPinConfigure              
00001b75  GPIOPinTypeGPIOOutput         
00001ba1  GPIOPinTypeSSI                
00001bb3  GPIOPinTypeUART               
00001c5f  GPIOPinWrite                  
0000174d  IntEnable                     
00001bd7  IntMasterEnable               
00001c1b  ResetISR                      
00001c4f  SSIBusy                       
000019d9  SSIConfigSetExpClk            
00001c0f  SSIDataGet                    
00001c27  SSIDataPut                    
00001c31  SSIEnable                     
000010dd  SysCtlClockFreqSet            
00001c65  SysCtlDelay                   
00001a85  SysCtlPeripheralEnable        
00001a15  SysCtlPeripheralPresent       
000008f9  Timer0IntHandler              
0000181d  TimerConfigure                
00001be7  TimerEnable                   
00001c6b  TimerIntClear                 
00001c57  TimerIntEnable                
00001bc5  TimerLoadSet                  
00001c3b  UARTCharGet                   
00001c45  UARTCharPut                   
0000190d  UARTConfigSetExpClk           
00001b19  UARTDisable                   
00001b8d  UARTEnable                    
00000c41  UARTStdioConfig               
00000d87  UARTgetc                      
00000ccd  UARTgets                      
000010a7  UARTprintf                    
00000dad  UARTvprintf                   
00000c87  UARTwrite                     
00000781  Valve                         
20000200  __STACK_END                   
00000200  __STACK_SIZE                  
20000200  __STACK_TOP                   
00002020  __TI_CINIT_Base               
00002030  __TI_CINIT_Limit              
00002000  __TI_Handler_Table_Base       
0000200c  __TI_Handler_Table_Limit      
00001955  __TI_auto_init_nobinit_nopinit
000017b5  __TI_decompress_lzss          
00001bf5  __TI_decompress_none          
ffffffff  __TI_pprof_out_hndl           
ffffffff  __TI_prof_data_size           
ffffffff  __TI_prof_data_start          
00000000  __TI_static_base__            
00001b59  __TI_zero_init_nomemset       
000016dd  __aeabi_d2f                   
000012dd  __aeabi_ddiv                  
00001545  __aeabi_dmul                  
00001a4d  __aeabi_f2d                   
0000174b  __aeabi_idiv0                 
0000174b  __aeabi_ldiv0                 
00001641  __aeabi_memcpy                
00001641  __aeabi_memcpy4               
00001641  __aeabi_memcpy8               
00001999  __aeabi_uidiv                 
00001999  __aeabi_uidivmod              
ffffffff  __binit__                     
ffffffff  __c_args__                    
UNDEFED   __mpu_init                    
20000000  __stack                       
00001ab9  _c_int00_noargs               
UNDEFED   _system_post_cinit            
00001c6f  _system_pre_init              
00001c73  abort                         
ffffffff  binit                         
00000711  configureAD7793               
00000000  g_pfnVectors                  
0000084d  heaterOFF                     
00000839  heaterON                      
00000817  initHeater                    
00000913  initInterrupt                 
00000209  initPeripherals               
00000757  initSolenoid                  
0000072d  initUART                      
00000969  main                          
00000875  maintainTemp                  
00001641  memcpy                        
20000200  pui32_ad7793_id               
20000204  pui32_ad7793_status           
20000208  pui32_conf_reg_lsb            
2000020c  pui32_conf_reg_msb            
20000210  pui32_data_reg                
20000214  pui32_io_reg                  
20000218  pui32_mode_reg_lsb            
2000021c  pui32_mode_reg_msb            
00000521  readConfig                    
00000695  readData                      
0000043b  readID                        
0000065b  readIO                        
000005d1  readMode                      
00000471  readStatus                    
000003c1  resetAD7793                   
20000224  timeout                       
20000228  timer_count                   
20000220  ui32SysClock                  
00000423  writeToCommRegister           
000004b3  writeToConfigReg              
00000621  writeToIOReg                  
00000575  writeToModeReg                


GLOBAL SYMBOLS: SORTED BY Symbol Address 

address   name                          
-------   ----                          
00000000  __TI_static_base__            
00000000  g_pfnVectors                  
00000200  __STACK_SIZE                  
00000209  initPeripherals               
00000271  DelayUS                       
000002e1  DelayMS                       
00000351  DelayS                        
000003c1  resetAD7793                   
00000423  writeToCommRegister           
0000043b  readID                        
00000471  readStatus                    
000004b3  writeToConfigReg              
00000521  readConfig                    
00000575  writeToModeReg                
000005d1  readMode                      
00000621  writeToIOReg                  
0000065b  readIO                        
00000695  readData                      
00000711  configureAD7793               
0000072d  initUART                      
00000757  initSolenoid                  
00000781  Valve                         
00000817  initHeater                    
00000839  heaterON                      
0000084d  heaterOFF                     
00000875  maintainTemp                  
000008f9  Timer0IntHandler              
00000913  initInterrupt                 
00000969  main                          
00000c41  UARTStdioConfig               
00000c87  UARTwrite                     
00000ccd  UARTgets                      
00000d87  UARTgetc                      
00000dad  UARTvprintf                   
000010a7  UARTprintf                    
000010dd  SysCtlClockFreqSet            
000012dd  __aeabi_ddiv                  
00001413  GPIOPadConfigSet              
00001545  __aeabi_dmul                  
00001641  __aeabi_memcpy                
00001641  __aeabi_memcpy4               
00001641  __aeabi_memcpy8               
00001641  memcpy                        
000016dd  __aeabi_d2f                   
0000174b  __aeabi_idiv0                 
0000174b  __aeabi_ldiv0                 
0000174d  IntEnable                     
000017b5  __TI_decompress_lzss          
0000181d  TimerConfigure                
0000187d  GPIOPinConfigure              
0000190d  UARTConfigSetExpClk           
00001955  __TI_auto_init_nobinit_nopinit
00001999  __aeabi_uidiv                 
00001999  __aeabi_uidivmod              
000019d9  SSIConfigSetExpClk            
00001a15  SysCtlPeripheralPresent       
00001a4d  __aeabi_f2d                   
00001a85  SysCtlPeripheralEnable        
00001ab9  _c_int00_noargs               
00001aed  GPIODirModeSet                
00001b19  UARTDisable                   
00001b59  __TI_zero_init_nomemset       
00001b75  GPIOPinTypeGPIOOutput         
00001b8d  UARTEnable                    
00001ba1  GPIOPinTypeSSI                
00001bb3  GPIOPinTypeUART               
00001bc5  TimerLoadSet                  
00001bd7  IntMasterEnable               
00001be7  TimerEnable                   
00001bf5  __TI_decompress_none          
00001c03  CPUcpsie                      
00001c0f  SSIDataGet                    
00001c1b  ResetISR                      
00001c27  SSIDataPut                    
00001c31  SSIEnable                     
00001c3b  UARTCharGet                   
00001c45  UARTCharPut                   
00001c4f  SSIBusy                       
00001c57  TimerIntEnable                
00001c5f  GPIOPinWrite                  
00001c65  SysCtlDelay                   
00001c6b  TimerIntClear                 
00001c6f  _system_pre_init              
00001c73  C$$EXIT                       
00001c73  abort                         
00002000  __TI_Handler_Table_Base       
0000200c  __TI_Handler_Table_Limit      
00002020  __TI_CINIT_Base               
00002030  __TI_CINIT_Limit              
20000000  __stack                       
20000200  __STACK_END                   
20000200  __STACK_TOP                   
20000200  pui32_ad7793_id               
20000204  pui32_ad7793_status           
20000208  pui32_conf_reg_lsb            
2000020c  pui32_conf_reg_msb            
20000210  pui32_data_reg                
20000214  pui32_io_reg                  
20000218  pui32_mode_reg_lsb            
2000021c  pui32_mode_reg_msb            
20000220  ui32SysClock                  
20000224  timeout                       
20000228  timer_count                   
ffffffff  __TI_pprof_out_hndl           
ffffffff  __TI_prof_data_size           
ffffffff  __TI_prof_data_start          
ffffffff  __binit__                     
ffffffff  __c_args__                    
ffffffff  binit                         
UNDEFED   __mpu_init                    
UNDEFED   _system_post_cinit            

[111 symbols]
