******************************************************************************
                  TI ARM Linker PC v18.12.3                    
******************************************************************************
>> Linked Sun May 17 18:37:21 2020

OUTPUT FILE NAME:   <spi_adc_with_valve.out>
ENTRY POINT SYMBOL: "_c_int00_noargs"  address: 00001bb1


MEMORY CONFIGURATION

         name            origin    length      used     unused   attr    fill
----------------------  --------  ---------  --------  --------  ----  --------
  FLASH                 00000000   00100000  00002146  000fdeba  R  X
  SRAM                  20000000   00040000  0000022e  0003fdd2  RW X


SEGMENT ALLOCATION MAP

run origin  load origin   length   init length attrs members
----------  ----------- ---------- ----------- ----- -------
00000000    00000000    00002148   00002148    r-x
  00000000    00000000    00000208   00000208    r-- .intvecs
  00000208    00000208    00001b86   00001b86    r-x .text
  00001d90    00001d90    00000388   00000388    r-- .const
  00002118    00002118    00000030   00000030    r-- .cinit
20000000    20000000    0000022e   00000000    rw-
  20000000    20000000    00000200   00000000    rw- .stack
  20000200    20000200    00000028   00000000    rw- .bss
  20000228    20000228    00000006   00000000    rw- .data


SECTION ALLOCATION MAP

 output                                  attributes/
section   page    origin      length       input sections
--------  ----  ----------  ----------   ----------------
.intvecs   0    00000000    00000208     
                  00000000    00000208     tm4c1294ncpdt_startup_ccs.obj (.intvecs)

.text      0    00000208    00001b86     
                  00000208    00000aac     main.obj (.text)
                  00000cb4    0000049c     uartstdio.obj (.text)
                  00001150    00000200     driverlib.lib : sysctl.obj (.text:SysCtlClockFreqSet)
                  00001350    00000136     rtsv7M4_T_le_v4SPD16_eabi.lib : fd_div_t2.asm.obj (.text)
                  00001486    00000132     driverlib.lib : gpio.obj (.text:GPIOPadConfigSet)
                  000015b8    000000fc     rtsv7M4_T_le_v4SPD16_eabi.lib : fd_mul_t2.asm.obj (.text)
                  000016b4    0000009c                                   : memcpy_t2.asm.obj (.text)
                  00001750    00000086                                   : fd_cmp_t2.asm.obj (.text:__aeabi_cdrcmple)
                  000017d6    0000006e                                   : fd_tos_t2.asm.obj (.text)
                  00001844    00000068     driverlib.lib : interrupt.obj (.text:IntEnable)
                  000018ac    00000068     rtsv7M4_T_le_v4SPD16_eabi.lib : copy_decompress_lzss.c.obj (.text:decompress:lzss:__TI_decompress_lzss)
                  00001914    00000060     driverlib.lib : timer.obj (.text:TimerConfigure)
                  00001974    00000048                   : gpio.obj (.text:GPIOPinConfigure)
                  000019bc    00000048                   : sysctl.obj (.text:_SysCtlFrequencyGet)
                  00001a04    00000046                   : uart.obj (.text:UARTConfigSetExpClk)
                  00001a4a    00000002     rtsv7M4_T_le_v4SPD16_eabi.lib : div0.asm.obj (.text)
                  00001a4c    00000044                                   : autoinit.c.obj (.text:__TI_auto_init_nobinit_nopinit:__TI_auto_init_nobinit_nopinit)
                  00001a90    00000040                                   : u_divt2.asm.obj (.text)
                  00001ad0    0000003c     driverlib.lib : ssi.obj (.text:SSIConfigSetExpClk)
                  00001b0c    00000038                   : sysctl.obj (.text:SysCtlPeripheralPresent)
                  00001b44    00000038     rtsv7M4_T_le_v4SPD16_eabi.lib : fs_tod_t2.asm.obj (.text)
                  00001b7c    00000034     driverlib.lib : sysctl.obj (.text:SysCtlPeripheralEnable)
                  00001bb0    00000034     rtsv7M4_T_le_v4SPD16_eabi.lib : boot_cortex_m.c.obj (.text:_c_int00_noargs:_c_int00_noargs)
                  00001be4    0000002a     driverlib.lib : gpio.obj (.text:GPIODirModeSet)
                  00001c0e    00000002     --HOLE-- [fill = 0]
                  00001c10    00000020                   : uart.obj (.text:UARTDisable)
                  00001c30    00000020                   : sysctl.obj (.text:_SysCtlMemTimingGet)
                  00001c50    00000020     rtsv7M4_T_le_v4SPD16_eabi.lib : u_tofd_t2.asm.obj (.text)
                  00001c70    0000001c                                   : copy_zero_init.c.obj (.text:decompress:ZI:__TI_zero_init_nomemset:__TI_zero_init_nomemset)
                  00001c8c    00000018     driverlib.lib : gpio.obj (.text:GPIOPinTypeGPIOOutput)
                  00001ca4    00000014                   : uart.obj (.text:UARTEnable)
                  00001cb8    00000012                   : gpio.obj (.text:GPIOPinTypeSSI)
                  00001cca    00000012                   : gpio.obj (.text:GPIOPinTypeUART)
                  00001cdc    00000012                   : timer.obj (.text:TimerLoadSet)
                  00001cee    00000010                   : interrupt.obj (.text:IntMasterEnable)
                  00001cfe    0000000e                   : timer.obj (.text:TimerEnable)
                  00001d0c    0000000e     rtsv7M4_T_le_v4SPD16_eabi.lib : copy_decompress_none.c.obj (.text:decompress:none:__TI_decompress_none)
                  00001d1a    0000000c     driverlib.lib : cpu.obj (.text:CPUcpsie)
                  00001d26    0000000c                   : ssi.obj (.text:SSIDataGet)
                  00001d32    0000000c     tm4c1294ncpdt_startup_ccs.obj (.text)
                  00001d3e    0000000a     driverlib.lib : ssi.obj (.text:SSIDataPut)
                  00001d48    0000000a                   : ssi.obj (.text:SSIEnable)
                  00001d52    0000000a                   : uart.obj (.text:UARTCharGet)
                  00001d5c    0000000a                   : uart.obj (.text:UARTCharPut)
                  00001d66    00000008                   : ssi.obj (.text:SSIBusy)
                  00001d6e    00000008                   : timer.obj (.text:TimerIntEnable)
                  00001d76    00000006                   : gpio.obj (.text:GPIOPinWrite)
                  00001d7c    00000006                   : sysctl.obj (.text:SysCtlDelay)
                  00001d82    00000004                   : timer.obj (.text:TimerIntClear)
                  00001d86    00000004     rtsv7M4_T_le_v4SPD16_eabi.lib : pre_init.c.obj (.text:_system_pre_init)
                  00001d8a    00000004                                   : exit.c.obj (.text:abort:abort)

.const     0    00001d90    00000388     
                  00001d90    000001b0     driverlib.lib : sysctl.obj (.const:g_pppui32XTALtoVCO)
                  00001f40    00000090                   : gpio.obj (.const:g_pui32GPIOBaseAddrs)
                  00001fd0    00000070                   : interrupt.obj (.const)
                  00002040    0000006c                   : sysctl.obj (.const:g_pui32Xtals)
                  000020ac    00000030                   : sysctl.obj (.const:g_sXTALtoMEMTIM)
                  000020dc    00000012     uartstdio.obj (.const:.string)
                  000020ee    00000002     --HOLE-- [fill = 0]
                  000020f0    0000000c     uartstdio.obj (.const:g_ui32UARTBase)
                  000020fc    0000000c     uartstdio.obj (.const:g_ui32UARTPeriph)
                  00002108    00000008     driverlib.lib : sysctl.obj (.const)
                  00002110    00000004     main.obj (.const:.string:$P$T0$1)
                  00002114    00000004     uartstdio.obj (.const)

.cinit     0    00002118    00000030     
                  00002118    0000000c     (__TI_handler_table)
                  00002124    00000004     --HOLE-- [fill = 0]
                  00002128    00000008     (.cinit..bss.load) [load image, compression = zero_init]
                  00002130    00000007     (.cinit..data.load) [load image, compression = lzss]
                  00002137    00000001     --HOLE-- [fill = 0]
                  00002138    00000010     (__TI_cinit_table)

.init_array 
*          0    00000000    00000000     UNINITIALIZED

.bss       0    20000200    00000028     UNINITIALIZED
                  20000200    00000004     (.common:int_count)
                  20000204    00000004     (.common:pui32_ad7793_id)
                  20000208    00000004     (.common:pui32_ad7793_status)
                  2000020c    00000004     (.common:pui32_conf_reg_lsb)
                  20000210    00000004     (.common:pui32_conf_reg_msb)
                  20000214    00000004     (.common:pui32_data_reg)
                  20000218    00000004     (.common:pui32_io_reg)
                  2000021c    00000004     (.common:pui32_mode_reg_lsb)
                  20000220    00000004     (.common:pui32_mode_reg_msb)
                  20000224    00000004     (.common:ui32SysClock)

.data      0    20000228    00000006     UNINITIALIZED
                  20000228    00000005     uartstdio.obj (.data)
                  2000022d    00000001     main.obj (.data)

.stack     0    20000000    00000200     UNINITIALIZED
                  20000000    00000004     rtsv7M4_T_le_v4SPD16_eabi.lib : boot_cortex_m.c.obj (.stack)
                  20000004    000001fc     --HOLE--

MODULE SUMMARY

       Module                          code   ro data   rw data
       ------                          ----   -------   -------
    .\
       main.obj                        2732   4         41     
       uartstdio.obj                   1180   46        5      
       tm4c1294ncpdt_startup_ccs.obj   12     520       0      
    +--+-------------------------------+------+---------+---------+
       Total:                          3924   570       46     
                                                               
    C:/ti/TivaWare_C_Series-2.1.4.178/driverlib/ccs/Debug/driverlib.lib
       sysctl.obj                      730    596       0      
       gpio.obj                        486    144       0      
       interrupt.obj                   120    112       0      
       uart.obj                        142    0         0      
       timer.obj                       140    0         0      
       ssi.obj                         100    0         0      
       cpu.obj                         12     0         0      
    +--+-------------------------------+------+---------+---------+
       Total:                          1730   852       0      
                                                               
    C:\ti\ccs920\ccs\tools\compiler\ti-cgt-arm_18.12.3.LTS\lib\rtsv7M4_T_le_v4SPD16_eabi.lib
       fd_div_t2.asm.obj               310    0         0      
       fd_mul_t2.asm.obj               252    0         0      
       memcpy_t2.asm.obj               156    0         0      
       fd_cmp_t2.asm.obj               134    0         0      
       fd_tos_t2.asm.obj               110    0         0      
       copy_decompress_lzss.c.obj      104    0         0      
       autoinit.c.obj                  68     0         0      
       u_divt2.asm.obj                 64     0         0      
       fs_tod_t2.asm.obj               56     0         0      
       boot_cortex_m.c.obj             52     0         0      
       u_tofd_t2.asm.obj               32     0         0      
       copy_zero_init.c.obj            28     0         0      
       copy_decompress_none.c.obj      14     0         0      
       exit.c.obj                      4      0         0      
       pre_init.c.obj                  4      0         0      
       div0.asm.obj                    2      0         0      
    +--+-------------------------------+------+---------+---------+
       Total:                          1390   0         0      
                                                               
       Stack:                          0      0         512    
       Linker Generated:               0      43        0      
    +--+-------------------------------+------+---------+---------+
       Grand Total:                    7044   1465      558    


LINKER GENERATED COPY TABLES

__TI_cinit_table @ 00002138 records: 2, size/record: 8, table size: 16
	.bss: load addr=00002128, load size=00000008 bytes, run addr=20000200, run size=00000028 bytes, compression=zero_init
	.data: load addr=00002130, load size=00000007 bytes, run addr=20000228, run size=00000006 bytes, compression=lzss


LINKER GENERATED HANDLER TABLE

__TI_handler_table @ 00002118 records: 3, size/record: 4, table size: 12
	index: 0, handler: __TI_decompress_lzss
	index: 1, handler: __TI_decompress_none
	index: 2, handler: __TI_zero_init


GLOBAL SYMBOLS: SORTED ALPHABETICALLY BY Name 

address   name                          
-------   ----                          
00001d8b  C$$EXIT                       
00001d1b  CPUcpsie                      
0000031f  DelayMS                       
000002af  DelayUS                       
00000771  First_Solenoid                
00001be5  GPIODirModeSet                
00001487  GPIOPadConfigSet              
00001975  GPIOPinConfigure              
00001c8d  GPIOPinTypeGPIOOutput         
00001cb9  GPIOPinTypeSSI                
00001ccb  GPIOPinTypeUART               
00001d77  GPIOPinWrite                  
00001845  IntEnable                     
00001cef  IntMasterEnable               
00001d33  ResetISR                      
00001d67  SSIBusy                       
00001ad1  SSIConfigSetExpClk            
00001d27  SSIDataGet                    
00001d3f  SSIDataPut                    
00001d49  SSIEnable                     
00001151  SysCtlClockFreqSet            
00001d7d  SysCtlDelay                   
00001b7d  SysCtlPeripheralEnable        
00001b0d  SysCtlPeripheralPresent       
000008ed  Timer0IntHandler              
00001915  TimerConfigure                
00001cff  TimerEnable                   
00001d83  TimerIntClear                 
00001d6f  TimerIntEnable                
00001cdd  TimerLoadSet                  
00001d53  UARTCharGet                   
00001d5d  UARTCharPut                   
00001a05  UARTConfigSetExpClk           
00001c11  UARTDisable                   
00001ca5  UARTEnable                    
00000cb5  UARTStdioConfig               
00000dfb  UARTgetc                      
00000d41  UARTgets                      
0000111b  UARTprintf                    
00000e21  UARTvprintf                   
00000cfb  UARTwrite                     
20000200  __STACK_END                   
00000200  __STACK_SIZE                  
20000200  __STACK_TOP                   
00002138  __TI_CINIT_Base               
00002148  __TI_CINIT_Limit              
00002118  __TI_Handler_Table_Base       
00002124  __TI_Handler_Table_Limit      
00001a4d  __TI_auto_init_nobinit_nopinit
000018ad  __TI_decompress_lzss          
00001d0d  __TI_decompress_none          
ffffffff  __TI_pprof_out_hndl           
ffffffff  __TI_prof_data_size           
ffffffff  __TI_prof_data_start          
00000000  __TI_static_base__            
00001c71  __TI_zero_init_nomemset       
00001751  __aeabi_cdrcmple              
000017d7  __aeabi_d2f                   
00001351  __aeabi_ddiv                  
000015b9  __aeabi_dmul                  
00001b45  __aeabi_f2d                   
00001a4b  __aeabi_idiv0                 
00001a4b  __aeabi_ldiv0                 
000016b5  __aeabi_memcpy                
000016b5  __aeabi_memcpy4               
000016b5  __aeabi_memcpy8               
00001c51  __aeabi_ui2d                  
00001a91  __aeabi_uidiv                 
00001a91  __aeabi_uidivmod              
ffffffff  __binit__                     
ffffffff  __c_args__                    
UNDEFED   __mpu_init                    
20000000  __stack                       
00001bb1  _c_int00_noargs               
UNDEFED   _system_post_cinit            
00001d87  _system_pre_init              
00001d8b  abort                         
ffffffff  binit                         
000003f1  configureAD7793               
00000000  g_pfnVectors                  
0000082b  heaterOFF                     
00000817  heaterON                      
000007f5  initHeater                    
00000911  initInterrupt                 
00000209  initPeripherals               
00000737  initSolenoid                  
0000070d  initUART                      
20000200  int_count                     
00000971  main                          
00000855  maintainTemp                  
000016b5  memcpy                        
20000204  pui32_ad7793_id               
20000208  pui32_ad7793_status           
2000020c  pui32_conf_reg_lsb            
20000210  pui32_conf_reg_msb            
20000214  pui32_data_reg                
20000218  pui32_io_reg                  
2000021c  pui32_mode_reg_lsb            
20000220  pui32_mode_reg_msb            
000004f1  readConfig                    
00000691  readData                      
00000425  readID                        
00000655  readIO                        
000005c1  readMode                      
0000045b  readStatus                    
0000038f  resetAD7793                   
2000022d  timeout                       
20000224  ui32SysClock                  
0000040d  writeToCommRegister           
0000049d  writeToConfigReg              
00000611  writeToIOReg                  
00000561  writeToModeReg                


GLOBAL SYMBOLS: SORTED BY Symbol Address 

address   name                          
-------   ----                          
00000000  __TI_static_base__            
00000000  g_pfnVectors                  
00000200  __STACK_SIZE                  
00000209  initPeripherals               
000002af  DelayUS                       
0000031f  DelayMS                       
0000038f  resetAD7793                   
000003f1  configureAD7793               
0000040d  writeToCommRegister           
00000425  readID                        
0000045b  readStatus                    
0000049d  writeToConfigReg              
000004f1  readConfig                    
00000561  writeToModeReg                
000005c1  readMode                      
00000611  writeToIOReg                  
00000655  readIO                        
00000691  readData                      
0000070d  initUART                      
00000737  initSolenoid                  
00000771  First_Solenoid                
000007f5  initHeater                    
00000817  heaterON                      
0000082b  heaterOFF                     
00000855  maintainTemp                  
000008ed  Timer0IntHandler              
00000911  initInterrupt                 
00000971  main                          
00000cb5  UARTStdioConfig               
00000cfb  UARTwrite                     
00000d41  UARTgets                      
00000dfb  UARTgetc                      
00000e21  UARTvprintf                   
0000111b  UARTprintf                    
00001151  SysCtlClockFreqSet            
00001351  __aeabi_ddiv                  
00001487  GPIOPadConfigSet              
000015b9  __aeabi_dmul                  
000016b5  __aeabi_memcpy                
000016b5  __aeabi_memcpy4               
000016b5  __aeabi_memcpy8               
000016b5  memcpy                        
00001751  __aeabi_cdrcmple              
000017d7  __aeabi_d2f                   
00001845  IntEnable                     
000018ad  __TI_decompress_lzss          
00001915  TimerConfigure                
00001975  GPIOPinConfigure              
00001a05  UARTConfigSetExpClk           
00001a4b  __aeabi_idiv0                 
00001a4b  __aeabi_ldiv0                 
00001a4d  __TI_auto_init_nobinit_nopinit
00001a91  __aeabi_uidiv                 
00001a91  __aeabi_uidivmod              
00001ad1  SSIConfigSetExpClk            
00001b0d  SysCtlPeripheralPresent       
00001b45  __aeabi_f2d                   
00001b7d  SysCtlPeripheralEnable        
00001bb1  _c_int00_noargs               
00001be5  GPIODirModeSet                
00001c11  UARTDisable                   
00001c51  __aeabi_ui2d                  
00001c71  __TI_zero_init_nomemset       
00001c8d  GPIOPinTypeGPIOOutput         
00001ca5  UARTEnable                    
00001cb9  GPIOPinTypeSSI                
00001ccb  GPIOPinTypeUART               
00001cdd  TimerLoadSet                  
00001cef  IntMasterEnable               
00001cff  TimerEnable                   
00001d0d  __TI_decompress_none          
00001d1b  CPUcpsie                      
00001d27  SSIDataGet                    
00001d33  ResetISR                      
00001d3f  SSIDataPut                    
00001d49  SSIEnable                     
00001d53  UARTCharGet                   
00001d5d  UARTCharPut                   
00001d67  SSIBusy                       
00001d6f  TimerIntEnable                
00001d77  GPIOPinWrite                  
00001d7d  SysCtlDelay                   
00001d83  TimerIntClear                 
00001d87  _system_pre_init              
00001d8b  C$$EXIT                       
00001d8b  abort                         
00002118  __TI_Handler_Table_Base       
00002124  __TI_Handler_Table_Limit      
00002138  __TI_CINIT_Base               
00002148  __TI_CINIT_Limit              
20000000  __stack                       
20000200  __STACK_END                   
20000200  __STACK_TOP                   
20000200  int_count                     
20000204  pui32_ad7793_id               
20000208  pui32_ad7793_status           
2000020c  pui32_conf_reg_lsb            
20000210  pui32_conf_reg_msb            
20000214  pui32_data_reg                
20000218  pui32_io_reg                  
2000021c  pui32_mode_reg_lsb            
20000220  pui32_mode_reg_msb            
20000224  ui32SysClock                  
2000022d  timeout                       
ffffffff  __TI_pprof_out_hndl           
ffffffff  __TI_prof_data_size           
ffffffff  __TI_prof_data_start          
ffffffff  __binit__                     
ffffffff  __c_args__                    
ffffffff  binit                         
UNDEFED   __mpu_init                    
UNDEFED   _system_post_cinit            

[112 symbols]
