******************************************************************************
                  TI ARM Linker PC v18.12.3                    
******************************************************************************
>> Linked Tue Dec 24 12:28:27 2019

OUTPUT FILE NAME:   <spi_adc_copy.out>
ENTRY POINT SYMBOL: "_c_int00_noargs"  address: 000014c9


MEMORY CONFIGURATION

         name            origin    length      used     unused   attr    fill
----------------------  --------  ---------  --------  --------  ----  --------
  FLASH                 00000000   00100000  00001980  000fe680  R  X
  SRAM                  20000000   00040000  00000229  0003fdd7  RW X


SEGMENT ALLOCATION MAP

run origin  load origin   length   init length attrs members
----------  ----------- ---------- ----------- ----- -------
00000000    00000000    00001980   00001980    r-x
  00000000    00000000    00000208   00000208    r-- .intvecs
  00000208    00000208    00001430   00001430    r-x .text
  00001638    00001638    00000318   00000318    r-- .const
  00001950    00001950    00000030   00000030    r-- .cinit
20000000    20000000    00000229   00000000    rw-
  20000000    20000000    00000200   00000000    rw- .stack
  20000200    20000200    00000024   00000000    rw- .bss
  20000224    20000224    00000005   00000000    rw- .data


SECTION ALLOCATION MAP

 output                                  attributes/
section   page    origin      length       input sections
--------  ----  ----------  ----------   ----------------
.intvecs   0    00000000    00000208     
                  00000000    00000208     tm4c1294ncpdt_startup_ccs.obj (.intvecs)

.text      0    00000208    00001430     
                  00000208    00000510     main.obj (.text)
                  00000718    0000049c     uartstdio.obj (.text)
                  00000bb4    00000200     driverlib.lib : sysctl.obj (.text:SysCtlClockFreqSet)
                  00000db4    00000136     rtsv7M4_T_le_v4SPD16_eabi.lib : fd_div_t2.asm.obj (.text)
                  00000eea    00000132     driverlib.lib : gpio.obj (.text:GPIOPadConfigSet)
                  0000101c    000000fc     rtsv7M4_T_le_v4SPD16_eabi.lib : fd_mul_t2.asm.obj (.text)
                  00001118    0000009c                                   : memcpy_t2.asm.obj (.text)
                  000011b4    0000006e                                   : fd_tos_t2.asm.obj (.text)
                  00001222    00000068                                   : copy_decompress_lzss.c.obj (.text:decompress:lzss:__TI_decompress_lzss)
                  0000128a    00000002                                   : div0.asm.obj (.text)
                  0000128c    00000048     driverlib.lib : gpio.obj (.text:GPIOPinConfigure)
                  000012d4    00000048                   : sysctl.obj (.text:_SysCtlFrequencyGet)
                  0000131c    00000046                   : uart.obj (.text:UARTConfigSetExpClk)
                  00001362    00000002     --HOLE-- [fill = 0]
                  00001364    00000044     rtsv7M4_T_le_v4SPD16_eabi.lib : autoinit.c.obj (.text:__TI_auto_init_nobinit_nopinit:__TI_auto_init_nobinit_nopinit)
                  000013a8    00000040                                   : u_divt2.asm.obj (.text)
                  000013e8    0000003c     driverlib.lib : ssi.obj (.text:SSIConfigSetExpClk)
                  00001424    00000038                   : sysctl.obj (.text:SysCtlPeripheralPresent)
                  0000145c    00000038     rtsv7M4_T_le_v4SPD16_eabi.lib : fs_tod_t2.asm.obj (.text)
                  00001494    00000034     driverlib.lib : sysctl.obj (.text:SysCtlPeripheralEnable)
                  000014c8    00000034     rtsv7M4_T_le_v4SPD16_eabi.lib : boot_cortex_m.c.obj (.text:_c_int00_noargs:_c_int00_noargs)
                  000014fc    0000002a     driverlib.lib : gpio.obj (.text:GPIODirModeSet)
                  00001526    00000002     --HOLE-- [fill = 0]
                  00001528    00000020                   : uart.obj (.text:UARTDisable)
                  00001548    00000020                   : sysctl.obj (.text:_SysCtlMemTimingGet)
                  00001568    0000001c     rtsv7M4_T_le_v4SPD16_eabi.lib : copy_zero_init.c.obj (.text:decompress:ZI:__TI_zero_init_nomemset:__TI_zero_init_nomemset)
                  00001584    00000018     driverlib.lib : gpio.obj (.text:GPIOPinTypeGPIOOutput)
                  0000159c    00000014                   : uart.obj (.text:UARTEnable)
                  000015b0    00000012                   : gpio.obj (.text:GPIOPinTypeSSI)
                  000015c2    00000012                   : gpio.obj (.text:GPIOPinTypeUART)
                  000015d4    0000000e     rtsv7M4_T_le_v4SPD16_eabi.lib : copy_decompress_none.c.obj (.text:decompress:none:__TI_decompress_none)
                  000015e2    0000000c     driverlib.lib : ssi.obj (.text:SSIDataGet)
                  000015ee    0000000c     tm4c1294ncpdt_startup_ccs.obj (.text)
                  000015fa    0000000a     driverlib.lib : ssi.obj (.text:SSIDataPut)
                  00001604    0000000a                   : ssi.obj (.text:SSIEnable)
                  0000160e    0000000a                   : uart.obj (.text:UARTCharGet)
                  00001618    0000000a                   : uart.obj (.text:UARTCharPut)
                  00001622    00000008                   : ssi.obj (.text:SSIBusy)
                  0000162a    00000006                   : sysctl.obj (.text:SysCtlDelay)
                  00001630    00000004     rtsv7M4_T_le_v4SPD16_eabi.lib : pre_init.c.obj (.text:_system_pre_init)
                  00001634    00000004                                   : exit.c.obj (.text:abort:abort)

.const     0    00001638    00000318     
                  00001638    000001b0     driverlib.lib : sysctl.obj (.const:g_pppui32XTALtoVCO)
                  000017e8    00000090                   : gpio.obj (.const:g_pui32GPIOBaseAddrs)
                  00001878    0000006c                   : sysctl.obj (.const:g_pui32Xtals)
                  000018e4    00000030                   : sysctl.obj (.const:g_sXTALtoMEMTIM)
                  00001914    00000012     uartstdio.obj (.const:.string)
                  00001926    00000002     --HOLE-- [fill = 0]
                  00001928    0000000c     uartstdio.obj (.const:g_ui32UARTBase)
                  00001934    0000000c     uartstdio.obj (.const:g_ui32UARTPeriph)
                  00001940    00000008     driverlib.lib : sysctl.obj (.const)
                  00001948    00000004     main.obj (.const:.string:$P$T0$1)
                  0000194c    00000004     uartstdio.obj (.const)

.cinit     0    00001950    00000030     
                  00001950    0000000c     (__TI_handler_table)
                  0000195c    00000004     --HOLE-- [fill = 0]
                  00001960    00000008     (.cinit..bss.load) [load image, compression = zero_init]
                  00001968    00000007     (.cinit..data.load) [load image, compression = lzss]
                  0000196f    00000001     --HOLE-- [fill = 0]
                  00001970    00000010     (__TI_cinit_table)

.init_array 
*          0    00000000    00000000     UNINITIALIZED

.bss       0    20000200    00000024     UNINITIALIZED
                  20000200    00000004     (.common:pui32_ad7793_id)
                  20000204    00000004     (.common:pui32_ad7793_status)
                  20000208    00000004     (.common:pui32_conf_reg_lsb)
                  2000020c    00000004     (.common:pui32_conf_reg_msb)
                  20000210    00000004     (.common:pui32_data_reg)
                  20000214    00000004     (.common:pui32_io_reg)
                  20000218    00000004     (.common:pui32_mode_reg_lsb)
                  2000021c    00000004     (.common:pui32_mode_reg_msb)
                  20000220    00000004     (.common:ui32SysClock)

.data      0    20000224    00000005     UNINITIALIZED
                  20000224    00000005     uartstdio.obj (.data)

.stack     0    20000000    00000200     UNINITIALIZED
                  20000000    00000004     rtsv7M4_T_le_v4SPD16_eabi.lib : boot_cortex_m.c.obj (.stack)
                  20000004    000001fc     --HOLE--

MODULE SUMMARY

       Module                          code   ro data   rw data
       ------                          ----   -------   -------
    .\
       main.obj                        1296   4         36     
       uartstdio.obj                   1180   46        5      
       tm4c1294ncpdt_startup_ccs.obj   12     520       0      
    +--+-------------------------------+------+---------+---------+
       Total:                          2488   570       41     
                                                               
    C:/ti/TivaWare_C_Series-2.1.4.178/driverlib/ccs/Debug/driverlib.lib
       sysctl.obj                      730    596       0      
       gpio.obj                        480    144       0      
       uart.obj                        142    0         0      
       ssi.obj                         100    0         0      
    +--+-------------------------------+------+---------+---------+
       Total:                          1452   740       0      
                                                               
    C:\ti\ccs920\ccs\tools\compiler\ti-cgt-arm_18.12.3.LTS\lib\rtsv7M4_T_le_v4SPD16_eabi.lib
       fd_div_t2.asm.obj               310    0         0      
       fd_mul_t2.asm.obj               252    0         0      
       memcpy_t2.asm.obj               156    0         0      
       fd_tos_t2.asm.obj               110    0         0      
       copy_decompress_lzss.c.obj      104    0         0      
       autoinit.c.obj                  68     0         0      
       u_divt2.asm.obj                 64     0         0      
       fs_tod_t2.asm.obj               56     0         0      
       boot_cortex_m.c.obj             52     0         0      
       copy_zero_init.c.obj            28     0         0      
       copy_decompress_none.c.obj      14     0         0      
       exit.c.obj                      4      0         0      
       pre_init.c.obj                  4      0         0      
       div0.asm.obj                    2      0         0      
    +--+-------------------------------+------+---------+---------+
       Total:                          1224   0         0      
                                                               
       Stack:                          0      0         512    
       Linker Generated:               0      43        0      
    +--+-------------------------------+------+---------+---------+
       Grand Total:                    5164   1353      553    


LINKER GENERATED COPY TABLES

__TI_cinit_table @ 00001970 records: 2, size/record: 8, table size: 16
	.bss: load addr=00001960, load size=00000008 bytes, run addr=20000200, run size=00000024 bytes, compression=zero_init
	.data: load addr=00001968, load size=00000007 bytes, run addr=20000224, run size=00000005 bytes, compression=lzss


LINKER GENERATED HANDLER TABLE

__TI_handler_table @ 00001950 records: 3, size/record: 4, table size: 12
	index: 0, handler: __TI_decompress_lzss
	index: 1, handler: __TI_decompress_none
	index: 2, handler: __TI_zero_init


GLOBAL SYMBOLS: SORTED ALPHABETICALLY BY Name 

address   name                          
-------   ----                          
00001635  C$$EXIT                       
0000027f  DelayUS                       
000014fd  GPIODirModeSet                
00000eeb  GPIOPadConfigSet              
0000128d  GPIOPinConfigure              
00001585  GPIOPinTypeGPIOOutput         
000015b1  GPIOPinTypeSSI                
000015c3  GPIOPinTypeUART               
000015ef  ResetISR                      
00001623  SSIBusy                       
000013e9  SSIConfigSetExpClk            
000015e3  SSIDataGet                    
000015fb  SSIDataPut                    
00001605  SSIEnable                     
00000bb5  SysCtlClockFreqSet            
0000162b  SysCtlDelay                   
00001495  SysCtlPeripheralEnable        
00001425  SysCtlPeripheralPresent       
0000160f  UARTCharGet                   
00001619  UARTCharPut                   
0000131d  UARTConfigSetExpClk           
00001529  UARTDisable                   
0000159d  UARTEnable                    
00000719  UARTStdioConfig               
0000085f  UARTgetc                      
000007a5  UARTgets                      
00000b7f  UARTprintf                    
00000885  UARTvprintf                   
0000075f  UARTwrite                     
20000200  __STACK_END                   
00000200  __STACK_SIZE                  
20000200  __STACK_TOP                   
00001970  __TI_CINIT_Base               
00001980  __TI_CINIT_Limit              
00001950  __TI_Handler_Table_Base       
0000195c  __TI_Handler_Table_Limit      
00001365  __TI_auto_init_nobinit_nopinit
00001223  __TI_decompress_lzss          
000015d5  __TI_decompress_none          
ffffffff  __TI_pprof_out_hndl           
ffffffff  __TI_prof_data_size           
ffffffff  __TI_prof_data_start          
00000000  __TI_static_base__            
00001569  __TI_zero_init_nomemset       
000011b5  __aeabi_d2f                   
00000db5  __aeabi_ddiv                  
0000101d  __aeabi_dmul                  
0000145d  __aeabi_f2d                   
0000128b  __aeabi_idiv0                 
0000128b  __aeabi_ldiv0                 
00001119  __aeabi_memcpy                
00001119  __aeabi_memcpy4               
00001119  __aeabi_memcpy8               
000013a9  __aeabi_uidiv                 
000013a9  __aeabi_uidivmod              
ffffffff  __binit__                     
ffffffff  __c_args__                    
UNDEFED   __mpu_init                    
20000000  __stack                       
000014c9  _c_int00_noargs               
UNDEFED   _system_post_cinit            
00001631  _system_pre_init              
00001635  abort                         
ffffffff  binit                         
00000000  g_pfnVectors                  
00000209  initPeripherals               
0000064f  initUART                      
0000067d  main                          
00001119  memcpy                        
20000200  pui32_ad7793_id               
20000204  pui32_ad7793_status           
20000208  pui32_conf_reg_lsb            
2000020c  pui32_conf_reg_msb            
20000210  pui32_data_reg                
20000214  pui32_io_reg                  
20000218  pui32_mode_reg_lsb            
2000021c  pui32_mode_reg_msb            
0000043f  readConfig                    
000005cd  readData                      
00000369  readID                        
00000589  readIO                        
000004e1  readMode                      
0000039f  readStatus                    
000002ef  resetAD7793                   
20000220  ui32SysClock                  
00000351  writeToCommRegister           
000003eb  writeToConfigReg              
00000545  writeToIOReg                  
00000485  writeToModeReg                


GLOBAL SYMBOLS: SORTED BY Symbol Address 

address   name                          
-------   ----                          
00000000  __TI_static_base__            
00000000  g_pfnVectors                  
00000200  __STACK_SIZE                  
00000209  initPeripherals               
0000027f  DelayUS                       
000002ef  resetAD7793                   
00000351  writeToCommRegister           
00000369  readID                        
0000039f  readStatus                    
000003eb  writeToConfigReg              
0000043f  readConfig                    
00000485  writeToModeReg                
000004e1  readMode                      
00000545  writeToIOReg                  
00000589  readIO                        
000005cd  readData                      
0000064f  initUART                      
0000067d  main                          
00000719  UARTStdioConfig               
0000075f  UARTwrite                     
000007a5  UARTgets                      
0000085f  UARTgetc                      
00000885  UARTvprintf                   
00000b7f  UARTprintf                    
00000bb5  SysCtlClockFreqSet            
00000db5  __aeabi_ddiv                  
00000eeb  GPIOPadConfigSet              
0000101d  __aeabi_dmul                  
00001119  __aeabi_memcpy                
00001119  __aeabi_memcpy4               
00001119  __aeabi_memcpy8               
00001119  memcpy                        
000011b5  __aeabi_d2f                   
00001223  __TI_decompress_lzss          
0000128b  __aeabi_idiv0                 
0000128b  __aeabi_ldiv0                 
0000128d  GPIOPinConfigure              
0000131d  UARTConfigSetExpClk           
00001365  __TI_auto_init_nobinit_nopinit
000013a9  __aeabi_uidiv                 
000013a9  __aeabi_uidivmod              
000013e9  SSIConfigSetExpClk            
00001425  SysCtlPeripheralPresent       
0000145d  __aeabi_f2d                   
00001495  SysCtlPeripheralEnable        
000014c9  _c_int00_noargs               
000014fd  GPIODirModeSet                
00001529  UARTDisable                   
00001569  __TI_zero_init_nomemset       
00001585  GPIOPinTypeGPIOOutput         
0000159d  UARTEnable                    
000015b1  GPIOPinTypeSSI                
000015c3  GPIOPinTypeUART               
000015d5  __TI_decompress_none          
000015e3  SSIDataGet                    
000015ef  ResetISR                      
000015fb  SSIDataPut                    
00001605  SSIEnable                     
0000160f  UARTCharGet                   
00001619  UARTCharPut                   
00001623  SSIBusy                       
0000162b  SysCtlDelay                   
00001631  _system_pre_init              
00001635  C$$EXIT                       
00001635  abort                         
00001950  __TI_Handler_Table_Base       
0000195c  __TI_Handler_Table_Limit      
00001970  __TI_CINIT_Base               
00001980  __TI_CINIT_Limit              
20000000  __stack                       
20000200  __STACK_END                   
20000200  __STACK_TOP                   
20000200  pui32_ad7793_id               
20000204  pui32_ad7793_status           
20000208  pui32_conf_reg_lsb            
2000020c  pui32_conf_reg_msb            
20000210  pui32_data_reg                
20000214  pui32_io_reg                  
20000218  pui32_mode_reg_lsb            
2000021c  pui32_mode_reg_msb            
20000220  ui32SysClock                  
ffffffff  __TI_pprof_out_hndl           
ffffffff  __TI_prof_data_size           
ffffffff  __TI_prof_data_start          
ffffffff  __binit__                     
ffffffff  __c_args__                    
ffffffff  binit                         
UNDEFED   __mpu_init                    
UNDEFED   _system_post_cinit            

[89 symbols]
