******************************************************************************
                  TI ARM Linker PC v18.12.3                    
******************************************************************************
>> Linked Sun May 17 13:40:49 2020

OUTPUT FILE NAME:   <valve_heater_test.out>
ENTRY POINT SYMBOL: "_c_int00_noargs"  address: 00000bcd


MEMORY CONFIGURATION

         name            origin    length      used     unused   attr    fill
----------------------  --------  ---------  --------  --------  ----  --------
  FLASH                 00000000   00100000  00000f08  000ff0f8  R  X
  SRAM                  20000000   00040000  00000204  0003fdfc  RW X


SEGMENT ALLOCATION MAP

run origin  load origin   length   init length attrs members
----------  ----------- ---------- ----------- ----- -------
00000000    00000000    00000f0c   00000f0c    r-x
  00000000    00000000    00000208   00000208    r-- .intvecs
  00000208    00000208    00000a98   00000a98    r-x .text
  00000ca0    00000ca0    00000254   00000254    r-- .const
  00000ef8    00000ef8    00000014   00000014    r-- .cinit
20000000    20000000    00000204   00000000    rw-
  20000000    20000000    00000200   00000000    rw- .stack
  20000200    20000200    00000004   00000000    rw- .bss


SECTION ALLOCATION MAP

 output                                  attributes/
section   page    origin      length       input sections
--------  ----  ----------  ----------   ----------------
.intvecs   0    00000000    00000208     
                  00000000    00000208     tm4c1294ncpdt_startup_ccs.obj (.intvecs)

.text      0    00000208    00000a98     
                  00000208    000002f8     main.obj (.text)
                  00000500    00000200     driverlib.lib : sysctl.obj (.text:SysCtlClockFreqSet)
                  00000700    00000136     rtsv7M4_T_le_v4SPD16_eabi.lib : fd_div_t2.asm.obj (.text)
                  00000836    00000132     driverlib.lib : gpio.obj (.text:GPIOPadConfigSet)
                  00000968    000000fc     rtsv7M4_T_le_v4SPD16_eabi.lib : fd_mul_t2.asm.obj (.text)
                  00000a64    0000006e                                   : fd_tos_t2.asm.obj (.text)
                  00000ad2    00000002     --HOLE-- [fill = 0]
                  00000ad4    00000048     driverlib.lib : sysctl.obj (.text:_SysCtlFrequencyGet)
                  00000b1c    00000044     rtsv7M4_T_le_v4SPD16_eabi.lib : autoinit.c.obj (.text:__TI_auto_init_nobinit_nopinit:__TI_auto_init_nobinit_nopinit)
                  00000b60    00000038                                   : fs_tod_t2.asm.obj (.text)
                  00000b98    00000034     driverlib.lib : sysctl.obj (.text:SysCtlPeripheralEnable)
                  00000bcc    00000034     rtsv7M4_T_le_v4SPD16_eabi.lib : boot_cortex_m.c.obj (.text:_c_int00_noargs:_c_int00_noargs)
                  00000c00    0000002a     driverlib.lib : gpio.obj (.text:GPIODirModeSet)
                  00000c2a    00000002     --HOLE-- [fill = 0]
                  00000c2c    00000020                   : sysctl.obj (.text:_SysCtlMemTimingGet)
                  00000c4c    0000001c     rtsv7M4_T_le_v4SPD16_eabi.lib : copy_zero_init.c.obj (.text:decompress:ZI:__TI_zero_init_nomemset:__TI_zero_init_nomemset)
                  00000c68    00000018     driverlib.lib : gpio.obj (.text:GPIOPinTypeGPIOOutput)
                  00000c80    0000000c     tm4c1294ncpdt_startup_ccs.obj (.text)
                  00000c8c    00000006     driverlib.lib : gpio.obj (.text:GPIOPinWrite)
                  00000c92    00000006                   : sysctl.obj (.text:SysCtlDelay)
                  00000c98    00000004     rtsv7M4_T_le_v4SPD16_eabi.lib : pre_init.c.obj (.text:_system_pre_init)
                  00000c9c    00000004                                   : exit.c.obj (.text:abort:abort)

.const     0    00000ca0    00000254     
                  00000ca0    000001b0     driverlib.lib : sysctl.obj (.const:g_pppui32XTALtoVCO)
                  00000e50    0000006c                   : sysctl.obj (.const:g_pui32Xtals)
                  00000ebc    00000030                   : sysctl.obj (.const:g_sXTALtoMEMTIM)
                  00000eec    00000008                   : sysctl.obj (.const)

.cinit     0    00000ef8    00000014     
                  00000ef8    00000008     (.cinit..bss.load) [load image, compression = zero_init]
                  00000f00    00000004     (__TI_handler_table)
                  00000f04    00000008     (__TI_cinit_table)

.init_array 
*          0    00000000    00000000     UNINITIALIZED

.bss       0    20000200    00000004     UNINITIALIZED
                  20000200    00000004     (.common:ui32SysClock)

.stack     0    20000000    00000200     UNINITIALIZED
                  20000000    00000004     rtsv7M4_T_le_v4SPD16_eabi.lib : boot_cortex_m.c.obj (.stack)
                  20000004    000001fc     --HOLE--

MODULE SUMMARY

       Module                          code   ro data   rw data
       ------                          ----   -------   -------
    .\
       main.obj                        760    0         4      
       tm4c1294ncpdt_startup_ccs.obj   12     520       0      
    +--+-------------------------------+------+---------+---------+
       Total:                          772    520       4      
                                                               
    C:/ti/TivaWare_C_Series-2.1.4.178/driverlib/ccs/Debug/driverlib.lib
       sysctl.obj                      674    596       0      
       gpio.obj                        378    0         0      
    +--+-------------------------------+------+---------+---------+
       Total:                          1052   596       0      
                                                               
    C:\ti\ccs920\ccs\tools\compiler\ti-cgt-arm_18.12.3.LTS\lib\rtsv7M4_T_le_v4SPD16_eabi.lib
       fd_div_t2.asm.obj               310    0         0      
       fd_mul_t2.asm.obj               252    0         0      
       fd_tos_t2.asm.obj               110    0         0      
       autoinit.c.obj                  68     0         0      
       fs_tod_t2.asm.obj               56     0         0      
       boot_cortex_m.c.obj             52     0         0      
       copy_zero_init.c.obj            28     0         0      
       exit.c.obj                      4      0         0      
       pre_init.c.obj                  4      0         0      
    +--+-------------------------------+------+---------+---------+
       Total:                          884    0         0      
                                                               
       Stack:                          0      0         512    
       Linker Generated:               0      20        0      
    +--+-------------------------------+------+---------+---------+
       Grand Total:                    2708   1136      516    


LINKER GENERATED COPY TABLES

__TI_cinit_table @ 00000f04 records: 1, size/record: 8, table size: 8
	.bss: load addr=00000ef8, load size=00000008 bytes, run addr=20000200, run size=00000004 bytes, compression=zero_init


LINKER GENERATED HANDLER TABLE

__TI_handler_table @ 00000f00 records: 1, size/record: 4, table size: 4
	index: 0, handler: __TI_zero_init


GLOBAL SYMBOLS: SORTED ALPHABETICALLY BY Name 

address   name                          
-------   ----                          
00000c9d  C$$EXIT                       
00000c01  GPIODirModeSet                
00000837  GPIOPadConfigSet              
00000c69  GPIOPinTypeGPIOOutput         
00000c8d  GPIOPinWrite                  
00000c81  ResetISR                      
00000501  SysCtlClockFreqSet            
00000c93  SysCtlDelay                   
00000b99  SysCtlPeripheralEnable        
20000200  __STACK_END                   
00000200  __STACK_SIZE                  
20000200  __STACK_TOP                   
00000f04  __TI_CINIT_Base               
00000f0c  __TI_CINIT_Limit              
00000f00  __TI_Handler_Table_Base       
00000f04  __TI_Handler_Table_Limit      
00000b1d  __TI_auto_init_nobinit_nopinit
ffffffff  __TI_pprof_out_hndl           
ffffffff  __TI_prof_data_size           
ffffffff  __TI_prof_data_start          
00000000  __TI_static_base__            
00000c4d  __TI_zero_init_nomemset       
00000a65  __aeabi_d2f                   
00000701  __aeabi_ddiv                  
00000969  __aeabi_dmul                  
00000b61  __aeabi_f2d                   
ffffffff  __binit__                     
ffffffff  __c_args__                    
UNDEFED   __mpu_init                    
20000000  __stack                       
00000bcd  _c_int00_noargs               
UNDEFED   _system_post_cinit            
00000c99  _system_pre_init              
00000c9d  abort                         
ffffffff  binit                         
0000045f  delayMs                       
00000000  g_pfnVectors                  
00000209  main                          
20000200  ui32SysClock                  


GLOBAL SYMBOLS: SORTED BY Symbol Address 

address   name                          
-------   ----                          
00000000  __TI_static_base__            
00000000  g_pfnVectors                  
00000200  __STACK_SIZE                  
00000209  main                          
0000045f  delayMs                       
00000501  SysCtlClockFreqSet            
00000701  __aeabi_ddiv                  
00000837  GPIOPadConfigSet              
00000969  __aeabi_dmul                  
00000a65  __aeabi_d2f                   
00000b1d  __TI_auto_init_nobinit_nopinit
00000b61  __aeabi_f2d                   
00000b99  SysCtlPeripheralEnable        
00000bcd  _c_int00_noargs               
00000c01  GPIODirModeSet                
00000c4d  __TI_zero_init_nomemset       
00000c69  GPIOPinTypeGPIOOutput         
00000c81  ResetISR                      
00000c8d  GPIOPinWrite                  
00000c93  SysCtlDelay                   
00000c99  _system_pre_init              
00000c9d  C$$EXIT                       
00000c9d  abort                         
00000f00  __TI_Handler_Table_Base       
00000f04  __TI_CINIT_Base               
00000f04  __TI_Handler_Table_Limit      
00000f0c  __TI_CINIT_Limit              
20000000  __stack                       
20000200  __STACK_END                   
20000200  __STACK_TOP                   
20000200  ui32SysClock                  
ffffffff  __TI_pprof_out_hndl           
ffffffff  __TI_prof_data_size           
ffffffff  __TI_prof_data_start          
ffffffff  __binit__                     
ffffffff  __c_args__                    
ffffffff  binit                         
UNDEFED   __mpu_init                    
UNDEFED   _system_post_cinit            

[39 symbols]
